2026-06-05 16:11:42,827 [INFO] Подключение к Active Directory...
2026-06-05 16:11:42,864 [INFO] AD подключен
2026-06-05 16:11:42,864 [INFO] Подключение к PostgreSQL...
2026-06-05 16:11:42,880 [INFO] PostgreSQL подключен
2026-06-05 16:11:42,880 [INFO] Получение пользователей из AD...
2026-06-05 16:11:42,883 [INFO] Найдено пользователей: 5
2026-06-05 16:11:42,888 [INFO] Users синхронизированы
2026-06-05 16:11:42,889 [INFO] Удалено пользователей: 0
2026-06-05 16:11:42,889 [INFO] Получение групп из AD...
2026-06-05 16:11:42,894 [INFO] Найдено групп: 51
2026-06-05 16:11:42,919 [INFO] Groups синхронизированы
2026-06-05 16:11:42,920 [INFO] Удалено групп: 0
2026-06-05 16:11:42,921 [INFO] UsersGroups очищена
2026-06-05 16:11:42,921 [INFO] Синхронизация связей пользователей и групп...
2026-06-05 16:11:43,060 [INFO] Создано связей UsersGroups: 3
2026-06-05 16:11:43,062 [INFO] Скрипт завершил работу
2026-06-05 16:20:27,337 [INFO] Подключение к Active Directory...
2026-06-05 16:20:27,373 [INFO] AD подключен
2026-06-05 16:20:27,373 [INFO] Подключение к PostgreSQL...
2026-06-05 16:20:27,389 [INFO] PostgreSQL подключен
2026-06-05 16:20:27,389 [INFO] Получение пользователей из AD...
2026-06-05 16:21:15,601 [INFO] Подключение к Active Directory...
2026-06-05 16:21:15,648 [INFO] AD подключен
2026-06-05 16:21:15,648 [INFO] Подключение к PostgreSQL...
2026-06-05 16:21:15,673 [INFO] PostgreSQL подключен
2026-06-05 16:21:15,673 [INFO] Получение пользователей из AD...
2026-06-05 16:21:15,675 [INFO] Найдено пользователей: 5
2026-06-05 16:21:32,731 [INFO] Подключение к Active Directory...
2026-06-05 16:21:32,770 [INFO] AD подключен
2026-06-05 16:21:32,770 [INFO] Подключение к PostgreSQL...
2026-06-05 16:21:32,787 [INFO] PostgreSQL подключен
2026-06-05 16:21:32,787 [INFO] Получение пользователей из AD...
2026-06-05 16:21:32,790 [INFO] Найдено пользователей: 5
2026-06-05 16:21:32,795 [INFO] Users синхронизированы
2026-06-05 16:21:32,796 [INFO] Удалено пользователей: 0
2026-06-05 16:21:32,796 [INFO] Получение групп из AD...
2026-06-05 16:21:32,801 [INFO] Найдено групп: 51
2026-06-05 16:21:32,826 [INFO] Groups синхронизированы
2026-06-05 16:21:32,826 [INFO] Удалено групп: 0
2026-06-05 16:21:32,827 [INFO] UsersGroups очищена
2026-06-05 16:21:32,827 [INFO] Синхронизация связей пользователей и групп...
2026-06-05 16:21:32,970 [INFO] Создано связей UsersGroups: 3
2026-06-05 16:21:32,972 [INFO] Скрипт завершил работу
2026-06-05 16:23:40,946 [INFO] Подключение к Active Directory...
2026-06-05 16:23:41,008 [INFO] AD подключен
2026-06-05 16:23:41,008 [INFO] Подключение к PostgreSQL...
2026-06-05 16:23:41,025 [INFO] PostgreSQL подключен
2026-06-05 16:23:41,025 [INFO] Получение пользователей из AD...
2026-06-05 16:23:41,027 [INFO] Найдено пользователей: 5
2026-06-05 16:23:41,031 [INFO] mudarisov raw lastLogonTimestamp = 2026-06-05 08:43:41.642153+00:00
2026-06-05 16:23:41,031 [INFO] Users синхронизированы
2026-06-05 16:23:41,032 [INFO] Удалено пользователей: 0
2026-06-05 16:23:41,032 [INFO] Получение групп из AD...
2026-06-05 16:23:41,038 [INFO] Найдено групп: 51
2026-06-05 16:23:41,061 [INFO] Groups синхронизированы
2026-06-05 16:23:41,062 [INFO] Удалено групп: 0
2026-06-05 16:23:41,063 [INFO] UsersGroups очищена
2026-06-05 16:23:41,063 [INFO] Синхронизация связей пользователей и групп...
2026-06-05 16:23:41,186 [INFO] Создано связей UsersGroups: 3
2026-06-05 16:23:41,188 [INFO] Скрипт завершил работу
2026-06-05 16:24:50,977 [INFO] Подключение к Active Directory...
2026-06-05 16:24:51,043 [INFO] AD подключен
2026-06-05 16:24:51,043 [INFO] Подключение к PostgreSQL...
2026-06-05 16:24:51,059 [INFO] PostgreSQL подключен
2026-06-05 16:24:51,059 [INFO] Получение пользователей из AD...
2026-06-05 16:24:51,062 [INFO] Найдено пользователей: 5
2026-06-05 16:25:14,381 [INFO] Подключение к Active Directory...
2026-06-05 16:25:14,418 [INFO] AD подключен
2026-06-05 16:25:14,418 [INFO] Подключение к PostgreSQL...
2026-06-05 16:25:14,434 [INFO] PostgreSQL подключен
2026-06-05 16:25:14,434 [INFO] Получение пользователей из AD...
2026-06-05 16:25:14,437 [INFO] Найдено пользователей: 5
2026-06-05 16:27:33,069 [INFO] Подключение к Active Directory...
2026-06-05 16:27:33,105 [INFO] AD подключен
2026-06-05 16:27:33,105 [INFO] Подключение к PostgreSQL...
2026-06-05 16:27:33,121 [INFO] PostgreSQL подключен
2026-06-05 16:27:33,121 [INFO] Получение пользователей из AD...
2026-06-05 16:27:33,124 [INFO] Найдено пользователей: 5
2026-06-05 16:27:33,130 [INFO] Users синхронизированы
2026-06-05 16:27:33,130 [INFO] Удалено пользователей: 0
2026-06-05 16:27:33,130 [INFO] Получение групп из AD...
2026-06-05 16:27:33,135 [INFO] Найдено групп: 51
2026-06-05 16:27:33,158 [INFO] Groups синхронизированы
2026-06-05 16:27:33,158 [INFO] Удалено групп: 0
2026-06-05 16:27:33,159 [INFO] UsersGroups очищена
2026-06-05 16:27:33,159 [INFO] Синхронизация связей пользователей и групп...
2026-06-05 16:27:33,288 [INFO] Создано связей UsersGroups: 3
2026-06-05 16:27:33,290 [INFO] Скрипт завершил работу
